---
source: tests/snapshots.rs
expression: out.code
input_file: tests/fixtures/match_decorated_class.zts
---
function __ztsAbsurd(x: never): never {
    const e: any = new globalThis.Error("zts: non-exhaustive match");
    e.ztsTag = x;
    throw e;
}
function tagged(): ClassDecorator {
    return ()=>{};
}
type T = {
    kind: "K";
    v: number;
} | {
    kind: "L";
    w: number;
};
@tagged()
export class Svc {
    pick(t: T): number {
        return ((__m)=>{
            const __k = __m.kind;
            if (__k === "K") {
                const { v } = __m;
                return v;
            }
            if (__k === "L") {
                const { w } = __m;
                return w;
            }
            return __ztsAbsurd(__k);
        })(t);
    }
}
