---
source: tests/snapshots.rs
expression: diags
input_file: tests/fixtures/errors/err_range_covered.zts
---
error: unreachable arm: the range `410..=420` is already fully covered by earlier arms (`400..=499`)
 --> tests/fixtures/errors/err_range_covered.zts:3:3
  |
3 |   410..=420 => "already covered",
  |   ^^^^^^^^^
