---
source: tests/snapshots.rs
expression: out.code
input_file: tests/fixtures/enum_basic.zts
---
import { __ztsAbsurd } from "@zestty/core";
type Shape = {
    readonly kind: "Circle";
    readonly radius: number;
} | {
    readonly kind: "Square";
    readonly side: number;
};
const Shape = {
    Circle: (radius: number): Shape =>({
            kind: "Circle",
            radius
        }),
    Square: (side: number): Shape =>({
            kind: "Square",
            side
        })
};
const c = Shape.Circle(2);
const area = ((__m)=>{
    const __k = __m.kind;
    if (__k === "Circle") {
        const { radius } = __m;
        return 3.14159 * radius ** 2;
    }
    if (__k === "Square") {
        const { side } = __m;
        return side ** 2;
    }
    return __ztsAbsurd(__k);
})(c);
console.log(area);
