---
source: tests/snapshots.rs
expression: diags
input_file: tests/fixtures/errors/err_range_overlap.zts
---
error: overlapping range arms: `450..=599` shares values with earlier arms (see `400..=499`)
 --> tests/fixtures/errors/err_range_overlap.zts:3:3
  |
3 |   450..=599 => "overlaps the arm above",
  |   ^^^^^^^^^
  |
note: an earlier arm covering these values is here
 --> tests/fixtures/errors/err_range_overlap.zts:2:3
  |
2 |   400..=499 => "client",
  |   ^^^^^^^^^
