---
source: tests/snapshots.rs
expression: diags
input_file: tests/fixtures/errors/err_declare_newtype.zts
---
error: `declare newtype` is not supported in zts; declare the lowered shape instead (a branded type alias + a factory function)
 --> tests/fixtures/errors/err_declare_newtype.zts:1:1
  |
1 | declare newtype AccountId = string;
  | ^^^^^^^^^^^^^^^
