---
source: tests/snapshots.rs
expression: out.code
input_file: tests/fixtures/match_basic.zts
---
function __ztsAbsurd(x: never): never {
    throw globalThis.Object.assign(new globalThis.Error("zts: non-exhaustive match"), {
        ztsTag: x
    });
}
type Shape = {
    kind: "Circle";
    radius: number;
} | {
    kind: "Square";
    side: number;
};
const PI = 3.141592653589793;
declare const shape: Shape;
const area = ((__m)=>{
    const __k = __m.kind;
    if (__k === "Circle") {
        const { radius } = __m;
        return PI * radius ** 2;
    }
    if (__k === "Square") {
        const { side } = __m;
        return side ** 2;
    }
    return __ztsAbsurd(__k);
})(shape);
console.log(area);
