---
source: tests/snapshots.rs
expression: out.code
input_file: tests/fixtures/match_shadowed_error.zts
---
function __ztsAbsurd(x: never): never {
    throw {
        name: "ZtsNonExhaustiveMatch",
        message: "zts: non-exhaustive match",
        kind: x
    };
}
function __ztsMatch<T, R>(v: T, f: (v: T) => R): R {
    return f(v);
}
export { };
type T = {
    kind: "K";
    v: number;
} | {
    kind: "L";
    w: number;
};
declare const t: T;
class Error {
    constructor(public msg: string){}
}
let e: Error = new Error("hi");
const r = __ztsMatch(t, (__m)=>{
    const __k = __m.kind;
    if (__k === "K") {
        const { v } = __m;
        return v;
    }
    if (__k === "L") {
        const { w } = __m;
        return w;
    }
    return __ztsAbsurd(__k);
});
void e;
void r;
