---
source: tests/snapshots.rs
expression: out.code
input_file: tests/fixtures/match_single_variant.zts
---
function __ztsAbsurd(x: never): never {
    throw globalThis.Object.assign(new globalThis.Error("zts: non-exhaustive match"), {
        ztsTag: x
    });
}
type Only = {
    kind: "K";
    v: number;
};
declare const t: Only;
const r = ((__m)=>{
    const __k = __m.kind;
    if (__k === "K") {
        const { v } = __m;
        return v * 2;
    }
    return __ztsAbsurd(__k);
})(t);
