---
source: tests/snapshots.rs
expression: out.code
input_file: tests/fixtures/exec_semantics.zts
---
function __ztsAbsurd(x: never): never {
    const e: any = new globalThis.Error("zts: non-exhaustive match");
    e.ztsTag = x;
    throw e;
}
type Shape = {
    kind: "Circle";
    radius: number;
} | {
    kind: "Square";
    side: number;
};
const Shape = {
    Circle: (radius: number): Shape =>({
            kind: "Circle",
            radius
        }),
    Square: (side: number): Shape =>({
            kind: "Square",
            side
        })
};
// Phase 5: newtype factories are identity casts — zero runtime cost.
type Meters = (number) & {
    readonly __ztsNewtype: "Meters";
};
const Meters = (__ztsValue: number): Meters =>__ztsValue as Meters;
// Phase 5: `?` try operator — Ok unwraps, Err propagates, bare form
// discards the value but still propagates.
type NumRes = {
    kind: "Ok";
    value: number;
} | {
    kind: "Err";
    error: string;
};
const NumRes = {
    Ok: (value: number): NumRes =>({
            kind: "Ok",
            value
        }),
    Err: (error: string): NumRes =>({
            kind: "Err",
            error
        })
};
// Executed by tests/tsc_exit.rs under node: every zts construct here must
// produce the RIGHT VALUE at runtime, not merely typecheck. Guards against
// precedence miscompiles that tsc cannot see.
function expect(name: string, got: unknown, want: unknown): void {
    if (got !== want) {
        throw new globalThis.Error(`${name}: got ${String(got)}, want ${String(want)}`);
    }
}
const c = true as boolean;
expect("plus", (c ? 1 : 2) + 1, 2);
expect("neg", -(c ? 1 : 2), -1);
expect("index", (c ? [
    7
] : [
    9
])[0], 7);
expect("pow", (c ? 2 : 3) ** 2, 4);
expect("not", !(c ? true : false), false);
expect("mul", (c ? 1 : 2) * (c ? 3 : 4), 3);
expect("typeof", typeof (c ? 1 : 2), "number");
let seqSide = 0;
const seqVal = c ? (seqSide = 5, 10) : 0;
expect("seq value", seqVal, 10);
expect("seq side effect", seqSide, 5);
const sq = Shape.Square(3);
const area = ((__m)=>{
    const __k = __m.kind;
    if (__k === "Circle") {
        const { radius } = __m;
        const r2 = radius * radius;
        return 3 * r2;
    }
    if (__k === "Square") {
        const { side } = __m;
        return side ** 2;
    }
    return __ztsAbsurd(__k);
})(sq);
expect("match", area, 9);
const graded = area > 100 ? "big" : area > 5 ? "mid" : "small";
expect("chain", graded, "mid");
expect("not", !c, false);
expect("not-not", !!c, true);
expect("not-binds-tight", !c === false, true);
expect("not-in-if", !c ? 1 : 2, 2);
// Phase 5: literal-union match + `_` wildcard.
const level = "warn" as "debug" | "info" | "warn" | "error";
expect("lit match", ((__m)=>{
    if (__m === "debug") {
        return 0;
    }
    if (__m === "info") {
        return 1;
    }
    if (__m === "warn") {
        return 2;
    }
    if (__m === "error") {
        return 3;
    }
    return __ztsAbsurd(__m);
})(level), 2);
const code = -1 as -1 | 0 | 1;
expect("neg lit match", ((__m)=>{
    if (__m === -1) {
        return "neg";
    }
    if (__m === 0) {
        return "zero";
    }
    if (__m === 1) {
        return "pos";
    }
    return __ztsAbsurd(__m);
})(code), "neg");
expect("bool lit match", ((__m)=>{
    if (__m === true) {
        return "y";
    }
    if (__m === false) {
        return "n";
    }
    return __ztsAbsurd(__m);
})(c), "y");
expect("lit wildcard", ((__m)=>{
    if (__m === "debug") {
        return 0;
    }
    return 9;
})(level), 9);
let wildSide = 0;
const wildVal = ((__m)=>{
    const __k = __m.kind;
    if (__k === "Circle") {
        const { radius } = __m;
        return radius;
    }
    wildSide = 1;
    return -1;
})(sq);
expect("variant wildcard value", wildVal, -1);
expect("variant wildcard side effect", wildSide, 1);
const m = Meters(5);
expect("newtype identity", m, 5);
expect("newtype arithmetic", m + 1, 6);
let bareRan = 0;
function tryDouble(r: NumRes, gate: NumRes): NumRes {
    const __t = gate;
    if (__t.kind === "Err") {
        return __t;
    }
    bareRan += 1;
    const __t1 = r;
    if (__t1.kind === "Err") {
        return __t1;
    }
    const n = __t1.value;
    return NumRes.Ok(n * 2);
}
const okd = tryDouble(NumRes.Ok(21), NumRes.Ok(0));
const okv = ((__m)=>{
    const __k = __m.kind;
    if (__k === "Ok") {
        const { value } = __m;
        return value;
    }
    if (__k === "Err") {
        const { error } = __m;
        return error.length;
    }
    return __ztsAbsurd(__k);
})(okd);
expect("try ok", okv, 42);
expect("try bare ran", bareRan, 1);
const erd = tryDouble(NumRes.Err("nope"), NumRes.Ok(0));
const erv = ((__m)=>{
    const __k = __m.kind;
    if (__k === "Ok") {
        const { value } = __m;
        return `${value}`;
    }
    if (__k === "Err") {
        const { error } = __m;
        return error;
    }
    return __ztsAbsurd(__k);
})(erd);
expect("try err propagates", erv, "nope");
const gated = tryDouble(NumRes.Ok(1), NumRes.Err("gate"));
const gv = ((__m)=>{
    const __k = __m.kind;
    if (__k === "Ok") {
        const { value } = __m;
        return `${value}`;
    }
    if (__k === "Err") {
        const { error } = __m;
        return error;
    }
    return __ztsAbsurd(__k);
})(gated);
expect("try bare-stmt propagates", gv, "gate");
expect("try bare-stmt short-circuits", bareRan, 2);
// Gate round: `?` in a single-statement slot propagates and short-circuits.
function gateLoop(rs: NumRes[]): NumRes {
    for (const r of rs){
        const __t = r;
        if (__t.kind === "Err") {
            return __t;
        }
    }
    return NumRes.Ok(99);
}
const loopOk = ((__m)=>{
    const __k = __m.kind;
    if (__k === "Ok") {
        const { value } = __m;
        return `${value}`;
    }
    if (__k === "Err") {
        const { error } = __m;
        return error;
    }
    return __ztsAbsurd(__k);
})(gateLoop([
    NumRes.Ok(1),
    NumRes.Ok(2)
]));
expect("slot try ok", loopOk, "99");
const loopErr = ((__m)=>{
    const __k = __m.kind;
    if (__k === "Ok") {
        const { value } = __m;
        return `${value}`;
    }
    if (__k === "Err") {
        const { error } = __m;
        return error;
    }
    return __ztsAbsurd(__k);
})(gateLoop([
    NumRes.Ok(1),
    NumRes.Err("stop"),
    NumRes.Ok(3)
]));
expect("slot try err", loopErr, "stop");
// Gate round: bigint + null literal arms at runtime.
const big = ((__m)=>{
    if (__m === 1n) {
        return "one";
    }
    if (__m === 2n) {
        return "two";
    }
    return __ztsAbsurd(__m);
})(2n as 1n | 2n);
expect("bigint match", big, "two");
const none = ((__m)=>{
    if (__m === null) {
        return "none";
    }
    return "some";
})(null as string | null);
expect("null match", none, "none");
console.log("exec_semantics: all assertions passed");
