---
source: tests/snapshots.rs
expression: out.code
input_file: tests/fixtures/match_single_variant.zts
---
import { __ztsAbsurd } from "@zestty/core";
type Only = {
    kind: "K";
    v: number;
};
declare const t: Only;
const r = ((__m)=>{
    const __k = __m.kind;
    if (__k === "K") {
        const { v } = __m;
        return v * 2;
    }
    return __ztsAbsurd(__k);
})(t);
