---
source: tests/snapshots.rs
expression: out.code
input_file: tests/fixtures/match_await_discriminant.zts
---
import { __ztsAbsurd } from "@zestty/core";
type T = {
    kind: "K";
    v: number;
} | {
    kind: "L";
    w: number;
};
declare function fetchIt(): Promise<T>;
async function go(): Promise<number> {
    return ((__m)=>{
        const __k = __m.kind;
        if (__k === "K") {
            const { v } = __m;
            return v;
        }
        if (__k === "L") {
            const { w } = __m;
            return w * 2;
        }
        return __ztsAbsurd(__k);
    })(await fetchIt());
}
void go();
