---
source: tests/snapshots.rs
expression: out.code
input_file: tests/fixtures/enum_generic_types.zts
---
import { __ztsAbsurd } from "@zestty/core";
type Tree = {
    kind: "Leaf";
    value: number;
} | {
    kind: "Node";
    left: Tree;
    right: Tree;
    tags: string[];
};
const Tree = {
    Leaf: (value: number): Tree =>({
            kind: "Leaf",
            value
        }),
    Node: (left: Tree, right: Tree, tags: string[]): Tree =>({
            kind: "Node",
            left,
            right,
            tags
        })
};
declare const t: Tree;
function sum(tree: Tree): number {
    return ((__m)=>{
        const __k = __m.kind;
        if (__k === "Leaf") {
            const { value } = __m;
            return value;
        }
        if (__k === "Node") {
            const { left, right } = __m;
            return sum(left) + sum(right);
        }
        return __ztsAbsurd(__k);
    })(tree);
}
console.log(sum(t));
