---
source: tests/snapshots.rs
expression: out.code
input_file: tests/fixtures/not_operator.zts
---
import { __ztsAbsurd } from "@zestty/core";
declare const ready: boolean;
declare const items: string[];
// Negation forms — `not` is a reserved word since 0.4.0, always the
// operator in expression position.
const a = !ready;
const b = !!ready;
const c = !ready ? "wait" : "go";
const d = ((__m)=>{
    const __k = __m.kind;
    if (__k === "K") {
        const { ok } = __m;
        return !ok;
    }
    return __ztsAbsurd(__k);
})({
    kind: "K",
    ok: ready
} as {
    kind: "K";
    ok: boolean;
});
// Formerly the v1 carve-outs, now negation of a parenthesized operand.
const e = !(items.length > 0);
const f = !ready;
// Property-name positions stay legal, like ES reserved words.
const obj = {
    not: 1
};
const g = obj.not;
console.log(a, b, c, d, e, f, g);
