---
source: tests/snapshots.rs
expression: diags
input_file: tests/fixtures/errors/err_try_top_level.zts
---
error: `?` needs an enclosing function to return the `Err` from; it cannot be used at module top level
 --> tests/fixtures/errors/err_try_top_level.zts:3:11
  |
3 | const x = f()?;
  |           ^^^^
